Start @ 8000
VBlank1 @ 800A
VBlank2 @ 800F
WBootCheck @ 8018
ColdBoot @ 802B
EndlessLoop @ 8057
VRAM_AddrTable_Low @ 805A
VRAM_AddrTable_High @ 806D
VRAM_Buffer_Offset @ 8080
NonMaskableInterrupt @ 8082
ScreenOff @ 809E
InitBuffer @ 80D0
DecTimers @ 8100
DecTimersLoop @ 810E
SkipExpTimer @ 8116
NoDecTimers @ 8119
PauseSkip @ 811B
RotPRandomBit @ 8131
Sprite0Clr @ 813D
Sprite0Hit @ 8150
HBlankDelay @ 8159
SkipSprite0 @ 815C
SkipMainOper @ 8178
PauseRoutine @ 8182
ChkPauseTimer @ 8194
ChkStart @ 819D
ClrPauseTimer @ 81BD
SetPause @ 81C2
ExitPause @ 81C5
SpriteShuffler @ 81C6
ShuffleLoop @ 81CF
StrSprOffset @ 81E2
NextSprOffset @ 81E5
SetAmtOffset @ 81F2
SetMiscOffset @ 81F9
OperModeExecutionTree @ 8212
MoveAllSpritesOffscreen @ 8220
MoveSpritesOffscreen @ 8223
SprInitLoop @ 8227
TitleScreenMode @ 8231
WSelectBufferTemplate @ 823F
GameMenuRoutine @ 8245
StartGame @ 8255
ChkSelect @ 8258
ChkWorldSel @ 826C
SelectBLogic @ 8276
IncWorldSel @ 829C
UpdateShroom @ 82A9
NullJoypad @ 82BB
RunDemo @ 82C0
ResetTitle @ 82C9
ChkContinue @ 82D8
StartWorld1 @ 82E6
InitScores @ 8307
ExitMenu @ 830D
GoContinue @ 830E
MushroomIconData @ 831D
DrawMushroomIcon @ 8325
IconDataRead @ 8327
ExitIcon @ 833F
DemoActionData @ 8340
DemoTimingData @ 8355
DemoEngine @ 836B
DoAction @ 8380
DemoOver @ 838A
VictoryMode @ 838B
AutoPlayer @ 839A
VictoryModeSubroutines @ 83A0
SetupVictoryMode @ 83B0
PlayerVictoryWalk @ 83BD
PerformWalk @ 83CD
DontWalk @ 83D0
ExitVWalk @ 83F1
PrintVictoryMessages @ 83F6
MRetainerMsg @ 8414
ThankPlayer @ 8418
SecondPartMsg @ 8423
EvalForMusic @ 8434
PrintMsg @ 843C
IncMsgCounter @ 8443
SetEndTimer @ 8456
IncModeTask_A @ 845D
ExitMsgs @ 8460
PlayerEndWorld @ 8461
EndExitOne @ 8486
EndChkBButton @ 8487
EndExitTwo @ 849E
FloateyNumTileData @ 849F
ScoreUpdateData @ 84B7
FloateyNumbersRoutine @ 84C3
ChkNumTimer @ 84D1
DecNumTimer @ 84DB
LoadNumTiles @ 84ED
ChkTallEnemy @ 8500
GetAltOffset @ 8523
FloateyPart @ 852B
SetupNumSpr @ 8537
ScreenRoutines @ 8567
InitScreen @ 858B
SetupIntermediate @ 859B
AreaPalette @ 85BB
GetAreaPalette @ 85BF
SetVRAMAddr_A @ 85C5
NextSubtask @ 85C8
BGColorCtrl_Addr @ 85CB
BackgroundColors @ 85CF
PlayerColors @ 85D7
GetBackgroundColor @ 85E3
NoBGColor @ 85EE
GetPlayerColors @ 85F1
ChkFiery @ 85FD
StartClrGet @ 8606
ClrGetLoop @ 860A
SetBGColor @ 8621
SetVRAMOffset @ 863F
GetAlternatePalette1 @ 8643
SetVRAMAddr_B @ 864C
NoAltPal @ 864F
WriteTopStatusLine @ 8652
WriteBottomStatusLine @ 865A
DisplayTimeUp @ 8693
NoTimeUp @ 86A2
DisplayIntermediate @ 86A8
PlayerInter @ 86C2
OutputInter @ 86C7
GameOverInter @ 86D3
NoInter @ 86E0
AreaParserTaskControl @ 86E6
TaskLoop @ 86E9
OutputCol @ 86F9
DrawTitleScreen @ 86FF
OutputTScr @ 8719
ChkHiByte @ 8723
ClearBuffersDrawIcon @ 8732
TScrClear @ 8739
IncSubtask @ 8745
WriteTopScore @ 8749
IncModeTask_B @ 874E
GameText @ 8752
TopStatusBarLine @ 8752
WorldLivesDisplay @ 8779
TwoPlayerTimeUp @ 8798
OnePlayerTimeUp @ 87A0
TwoPlayerGameOver @ 87AB
OnePlayerGameOver @ 87B3
WarpZoneWelcome @ 87C0
LuigiName @ 87ED
WarpZoneNumbers @ 87F2
GameTextOffsets @ 87FE
WriteGameText @ 8808
Chk2Players @ 8815
LdGameText @ 881B
GameTextLoop @ 8820
EndGameText @ 882E
PutLives @ 884D
CheckPlayerName @ 885F
ChkLuigi @ 8873
NameLoop @ 8878
ExitChkName @ 8881
PrintWarpZoneNumbers @ 8882
WarpNumLoop @ 8889
ResetSpritesAndScreenTimer @ 889D
ResetScreenTimer @ 88A5
NoReset @ 88AD
RenderAreaGraphics @ 88AE
DrawMTLoop @ 88D0
RightCheck @ 891A
LLeft @ 892A
NextMTRow @ 892E
SetAttrib @ 8930
ExitDrawM @ 8967
RenderAttributeTables @ 896A
SetATHigh @ 897D
AttribLoop @ 8990
SetVRAMCtrl @ 89BD
ColorRotatePalette @ 89C3
BlankPalette @ 89C9
Palette3Data @ 89D1
ColorRotation @ 89E1
GetBlankPal @ 89EF
GetAreaPal @ 8A08
ExitColorRot @ 8A38
BlockGfxData @ 8A39
RemoveCoin_Axe @ 8A4D
WriteBlankMT @ 8A58
ReplaceBlockMetatile @ 8A61
DestroyBlockMetatile @ 8A6B
WriteBlockMetatile @ 8A6D
UseBOffset @ 8A87
MoveVOffset @ 8A8F
PutBlockMetatile @ 8A97
SaveHAdder @ 8AA8
RemBridge @ 8ACD
MetatileGraphics_Low @ 8B08
MetatileGraphics_High @ 8B0C
Palette0_MTiles @ 8B10
Palette1_MTiles @ 8BAC
Palette2_MTiles @ 8C64
Palette3_MTiles @ 8C8C
WaterPaletteData @ 8CA4
GroundPaletteData @ 8CC8
UndergroundPaletteData @ 8CEC
CastlePaletteData @ 8D10
DaySnowPaletteData @ 8D34
NightSnowPaletteData @ 8D3C
MushroomPaletteData @ 8D44
BowserPaletteData @ 8D4C
MarioThanksMessage @ 8D54
LuigiThanksMessage @ 8D68
MushroomRetainerSaved @ 8D7C
PrincessSaved1 @ 8DA8
PrincessSaved2 @ 8DBF
WorldSelectMessage1 @ 8DDE
WorldSelectMessage2 @ 8DEF
JumpEngine @ 8E04
InitializeNameTables @ 8E19
WriteNTAddr @ 8E2D
InitNTLoop @ 8E3B
InitATLoop @ 8E4D
ReadJoypads @ 8E5C
ReadPortBits @ 8E6A
PortLoop @ 8E6C
Save8Bits @ 8E8D
WriteBufferToScreen @ 8E92
SetupWrites @ 8EA9
GetLength @ 8EB3
OutputToVRAM @ 8EB6
RepeatByte @ 8EB9
UpdateScreen @ 8EDD
InitScroll @ 8EE6
WritePPUReg1 @ 8EED
StatusBarData @ 8EF4
StatusBarOffset @ 8F00
PrintStatusBarNumbers @ 8F06
OutputNumbers @ 8F11
SetupNums @ 8F28
DigitPLoop @ 8F47
ExitOutputN @ 8F5E
DigitsMathRoutine @ 8F5F
AddModLoop @ 8F68
StoreNewD @ 8F75
EraseDMods @ 8F7C
EraseMLoop @ 8F80
BorrowOne @ 8F87
CarryOne @ 8F8E
UpdateTopScore @ 8F97
TopScoreCheck @ 8F9E
GetScoreDiff @ 8FA1
CopyScore @ 8FAF
NoTopSc @ 8FBB
DefaultSprOffsets @ 8FBC
Sprite0Data @ 8FCB
InitializeGame @ 8FCF
ClrSndLoop @ 8FD6
InitializeArea @ 8FE4
ClrTimersLoop @ 8FED
StartPage @ 8FFE
SetInitNTHigh @ 9012
SetSecHard @ 9047
CheckHalfway @ 904A
DoneInitArea @ 9054
PrimaryGameSetup @ 9061
SecondaryGameSetup @ 9071
ClearVRLoop @ 9077
ShufAmtLoop @ 90AB
ISpr0Loop @ 90B6
InitializeMemory @ 90CC
InitPageLoop @ 90D2
InitByteLoop @ 90D4
InitByte @ 90DC
SkipByte @ 90DE
MusicSelectData @ 90E7
GetAreaMusic @ 90ED
ChkAreaType @ 9106
StoreMusic @ 9110
ExitGetM @ 9115
PlayerStarting_X_Pos @ 9116
AltYPosOffset @ 911A
PlayerStarting_Y_Pos @ 911C
PlayerBGPriorityData @ 9125
GameTimerData @ 912D
Entrance_GameTimerSetup @ 9131
ChkStPos @ 9153
SetStPos @ 9165
ChkOverR @ 9197
ChkSwimE @ 91B0
SetPESub @ 91B8
HalfwayPageNybbles @ 91BD
PlayerLoseLife @ 91CD
StillInGame @ 91E9
GetHalfway @ 91F6
MaskHPNyb @ 9204
SetHalfway @ 920F
GameOverMode @ 9218
SetupGameOver @ 9224
RunGameOver @ 9237
TerminateGame @ 9248
ContinueGame @ 9264
GameIsOn @ 9281
TransposePlayers @ 9282
TransLoop @ 9297
ExTrans @ 92A9
DoNothing1 @ 92AA
DoNothing2 @ 92AF
AreaParserTaskHandler @ 92B0
DoAPTasks @ 92BA
SkipATRender @ 92C7
AreaParserTasks @ 92C8
IncrementColumnPos @ 92DB
NoColWrap @ 92EB
BSceneDataOffsets @ 92F7
BackSceneryData @ 92FA
BackSceneryMetatiles @ 938A
FSceneDataOffsets @ 93AE
ForeSceneryData @ 93B1
TerrainMetatiles @ 93D8
TerrainRenderBits @ 93DC
AreaParserCore @ 93FC
RenderSceneryTerrain @ 9404
ClrMTBuf @ 9408
ThirdP @ 9416
RendBack @ 941F
SceLoop1 @ 9445
RendFore @ 9455
SceLoop2 @ 945F
NoFore @ 9467
RendTerr @ 946D
TerMTile @ 947E
StoreMT @ 9488
TerrLoop @ 9491
NoCloud2 @ 94A8
TerrBChk @ 94AA
NextTBit @ 94B6
EndUChk @ 94CA
RendBBuf @ 94D3
ChkMTLow @ 94E0
StrBlock @ 94F5
BlockBuffLowBounds @ 9504
ProcessAreaData @ 9508
ProcADLoop @ 950A
Chk1Row13 @ 9530
Chk1Row14 @ 9554
CheckRear @ 955D
RdyDecode @ 9565
SetBehind @ 956B
NextAObj @ 956E
ChkLength @ 9571
ProcLoopb @ 957B
EndAParse @ 9588
IncAreaObjOffset @ 9589
DecodeAreaData @ 9595
Chk1stB @ 959D
ChkRow14 @ 95B3
ChkRow13 @ 95C3
Mask2MSB @ 95DD
ChkSRows @ 95E2
LrgObj @ 95F8
NotWPipe @ 9608
SpecObj @ 960D
MoveAOId @ 9612
NormObj @ 9616
LeavePar @ 9635
InitRear @ 9636
LoopCmdE @ 9645
BackColC @ 9646
StrAObj @ 9656
RunAObj @ 965F
AlterAreaAttributes @ 96C5
Alter2 @ 96E2
SetFore @ 96EE
ScrollLockObject_Warp @ 96F2
WarpNum @ 9701
ScrollLockObject @ 970D
KillEnemies @ 9716
KillELoop @ 971C
NoKillE @ 9724
FrenzyIDData @ 9728
AreaFrenzy @ 972B
FreCompLoop @ 9732
ExitAFrenzy @ 973C
AreaStyleObject @ 9740
TreeLedge @ 974C
MidTreeL @ 9767
EndTreeL @ 9773
MushroomLedge @ 9778
EndMushL @ 978B
AllUnder @ 97AA
NoUnder @ 97B0
PulleyRopeMetatiles @ 97B7
PulleyRopeObject @ 97BA
RenderPul @ 97C8
MushLExit @ 97CE
CastleMetatiles @ 97CF
CastleObject @ 9806
CRendLoop @ 981B
ChkCFloor @ 982D
NotTall @ 9847
PlayerStop @ 9869
ExitCastle @ 986E
WaterPipe @ 986F
IntroPipe @ 9882
VPipeSectLoop @ 9890
NoBlankP @ 989E
SidePipeShaftData @ 989F
SidePipeTopPart @ 98A3
SidePipeBottomPart @ 98A7
ExitPipe @ 98AB
RenderSidewaysPipe @ 98B3
DrawSidePart @ 98CE
VerticalPipeData @ 98DD
VerticalPipe @ 98E5
WarpPipe @ 98F0
DrawPipe @ 9925
GetPipeHeight @ 9939
FindEmptyEnemySlot @ 994A
EmptyChkLoop @ 994C
ExitEmptyChk @ 9956
Hole_Water @ 9957
QuestionBlockRow_High @ 9968
QuestionBlockRow_Low @ 996B
Bridge_High @ 9979
Bridge_Middle @ 997C
Bridge_Low @ 997F
FlagBalls_Residual @ 9994
FlagpoleObject @ 999E
EndlessRope @ 99D0
BalancePlatRope @ 99D7
DrawRope @ 99E9
CoinMetatileData @ 99EE
RowOfCoins @ 99F2
C_ObjectRow @ 99FB
C_ObjectMetatile @ 99FE
CastleBridgeObj @ 9A01
AxeObj @ 9A09
ChainObj @ 9A0E
EmptyBlock @ 9A19
ColObj @ 9A20
SolidBlockMetatiles @ 9A25
BrickMetatiles @ 9A29
RowOfBricks @ 9A2E
DrawBricks @ 9A38
RowOfSolidBlocks @ 9A3E
GetRow @ 9A44
DrawRow @ 9A48
ColumnOfBricks @ 9A50
ColumnOfSolidBlocks @ 9A59
GetRow2 @ 9A5F
BulletBillCannon @ 9A69
SetupCannon @ 9A85
StrCOffset @ 9AA1
StaircaseHeightData @ 9AA5
StaircaseRowData @ 9AAE
StaircaseObject @ 9AB7
NextStair @ 9AC1
Jumpspring @ 9AD3
Hidden1UpBlock @ 9B01
QuestionBlock @ 9B0E
BrickWithCoins @ 9B14
BrickWithItem @ 9B19
BWithL @ 9B28
DrawQBlk @ 9B2C
GetAreaObjectID @ 9B36
ExitDecBlock @ 9B3C
HoleMetatiles @ 9B3D
Hole_Empty @ 9B41
StrWOffset @ 9B70
NoWhirlP @ 9B73
RenderUnderPart @ 9B7D
DrawThisRow @ 9B9D
WaitOneRow @ 9BA0
ExitUPartR @ 9BAB
ChkLrgObjLength @ 9BAC
ChkLrgObjFixedLength @ 9BAF
LenSet @ 9BBA
GetLrgObjAttrib @ 9BBB
GetAreaObjXPosition @ 9BCB
GetAreaObjYPosition @ 9BD3
BlockBufferAddr @ 9BDD
GetBlockBufferAddr @ 9BE1
AreaDataOfsLoopback @ 9BF8
LoadAreaPointer @ 9C03
GetAreaType @ 9C09
FindAreaPointer @ 9C13
GetAreaDataAddrs @ 9C22
StoreFore @ 9C68
StoreStyle @ 9CA3
WorldAddrOffsets @ 9CB4
AreaAddrOffsets @ 9CBC
World1Areas @ 9CBC
World2Areas @ 9CC1
World3Areas @ 9CC6
World4Areas @ 9CCA
World5Areas @ 9CCF
World6Areas @ 9CD3
World7Areas @ 9CD7
World8Areas @ 9CDC
EnemyAddrHOffsets @ 9CE0
EnemyDataAddrLow @ 9CE4
EnemyDataAddrHigh @ 9D06
AreaDataHOffsets @ 9D28
AreaDataAddrLow @ 9D2C
AreaDataAddrHigh @ 9D4E
E_CastleArea1 @ 9D70
E_CastleArea2 @ 9D97
E_CastleArea3 @ 9DB0
E_CastleArea4 @ 9DDF
E_CastleArea5 @ 9E0A
E_CastleArea6 @ 9E1F
E_GroundArea1 @ 9E59
E_GroundArea2 @ 9E7E
E_GroundArea3 @ 9E9B
E_GroundArea4 @ 9EA9
E_GroundArea5 @ 9ED0
E_GroundArea6 @ 9F01
E_GroundArea7 @ 9F1F
E_GroundArea8 @ 9F3C
E_GroundArea9 @ 9F51
E_GroundArea10 @ 9F7B
E_GroundArea11 @ 9F7C
E_GroundArea12 @ 9FA0
E_GroundArea13 @ 9FA9
E_GroundArea14 @ 9FCE
E_GroundArea15 @ 9FF1
E_GroundArea16 @ 9FFA
E_GroundArea17 @ 9FFB
E_GroundArea18 @ A035
E_GroundArea19 @ A060
E_GroundArea20 @ A08E
E_GroundArea21 @ A0AA
E_GroundArea22 @ A0B3
E_UndergroundArea1 @ A0D8
E_UndergroundArea2 @ A105
E_UndergroundArea3 @ A133
E_WaterArea1 @ A160
E_WaterArea2 @ A171
E_WaterArea3 @ A19B
L_CastleArea1 @ A1AF
L_CastleArea2 @ A210
L_CastleArea3 @ A28F
L_CastleArea4 @ A302
L_CastleArea5 @ A36F
L_CastleArea6 @ A3FA
L_GroundArea1 @ A46B
L_GroundArea2 @ A4CE
L_GroundArea3 @ A537
L_GroundArea4 @ A58A
L_GroundArea5 @ A619
L_GroundArea6 @ A68E
L_GroundArea7 @ A6F3
L_GroundArea8 @ A748
L_GroundArea9 @ A7CD
L_GroundArea10 @ A832
L_GroundArea11 @ A83B
L_GroundArea12 @ A87A
L_GroundArea13 @ A88F
L_GroundArea14 @ A8F6
L_GroundArea15 @ A95B
L_GroundArea16 @ A9CE
L_GroundArea17 @ A9FF
L_GroundArea18 @ AA92
L_GroundArea19 @ AB05
L_GroundArea20 @ AB7E
L_GroundArea21 @ ABD7
L_GroundArea22 @ AC02
L_UndergroundArea1 @ AC35
L_UndergroundArea2 @ ACD8
L_UndergroundArea3 @ AD79
L_WaterArea1 @ AE06
L_WaterArea2 @ AE45
L_WaterArea3 @ AEC0
GameMode @ AEDC
GameCoreRoutine @ AEEA
GameEngine @ AEFE
ProcELoop @ AF03
NoChgMus @ AF52
CycleTwo @ AF5D
ClrPlrPal @ AF64
SaveAB @ AF67
UpdScrollVar @ AF6F
RunParser @ AF8F
ExitEng @ AF92
ScrollHandler @ AF93
ChkNearMid @ AFBA
ScrollScreen @ AFC4
InitScrlAmt @ AFFB
ChkPOffscr @ B000
KeepOnscr @ B013
InitPlatScrl @ B02E
X_SubtracterData @ B034
OffscrJoypadBitsData @ B036
GetScreenPosition @ B038
GameRoutines @ B04A
PlayerEntrance @ B069
ChkBehPipe @ B083
IntroEntr @ B08D
EntrMode2 @ B09B
VineEntr @ B0AC
OffVine @ B0C7
PlayerRdy @ B0D3
ExitEntr @ B0E5
AutoControlPlayer @ B0E6
PlayerCtrlRoutine @ B0E9
DisJoyp @ B0FF
SaveJoyp @ B104
SizeChk @ B12B
ChkMoveDir @ B13E
SetMoveDir @ B14A
PlayerSubs @ B14C
PlayerHole @ B179
HoleDie @ B194
HoleBottom @ B1A6
ChkHoleX @ B1AA
ExitCtrl @ B1BA
CloudExit @ B1BB
Vine_AutoClimb @ B1C7
AutoClimb @ B1D1
SetEntr @ B1DD
VerticalPipeEntry @ B1E5
MovePlayerYAxis @ B200
SideExitPipeEntry @ B206
ChgAreaPipe @ B20B
ChgAreaMode @ B213
ExitCAPipe @ B21E
EnterSidePipe @ B21F
RightPipe @ B22E
PlayerChangeSize @ B233
EndChgSize @ B23D
ExitChgSize @ B244
PlayerInjuryBlink @ B245
ExitBlink @ B253
InitChangeSize @ B255
ExitBoth @ B268
PlayerDeath @ B269
DonePlayerTask @ B273
PlayerFireFlower @ B27D
CyclePlayerPalette @ B288
ResetPalFireFlower @ B297
ResetPalStar @ B29A
ExitDeath @ B2A3
FlagpoleSlide @ B2A4
SlidePlayer @ B2BC
NoFPObj @ B2BF
Hidden1UpCoinAmts @ B2C2
PlayerEndLevel @ B2CA
ChkStop @ B2E3
InCastle @ B2F1
RdyNextA @ B2F6
NextArea @ B315
ExitNA @ B328
PlayerMovementSubs @ B329
SetCrouch @ B338
ProcMove @ B33B
MoveSubs @ B34E
NoMoveSub @ B359
OnGroundStateSub @ B35A
GndMove @ B363
FallingSub @ B36D
JumpSwimSub @ B376
DumpFall @ B38D
ProcSwim @ B393
LRWater @ B3A6
LRAir @ B3AC
JSMove @ B3B3
ExitMov1 @ B3C4
ClimbAdderLow @ B3C7
ClimbAdderHigh @ B3CB
ClimbingSub @ B3CF
MoveOnVine @ B3E0
ClimbFD @ B406
CSetFDir @ B40A
ExitCSub @ B41F
InitCSTimer @ B420
JumpMForceData @ B424
FallMForceData @ B42B
PlayerYSpdData @ B432
InitMForceData @ B439
MaxLeftXSpdData @ B440
MaxRightXSpdData @ B443
FrictionData @ B447
Climb_Y_SpeedData @ B44A
Climb_Y_MForceData @ B44D
PlayerPhysicsSub @ B450
ProcClimb @ B465
SetCAnim @ B475
CheckForJumping @ B479
NoJump @ B488
ProcJumping @ B48B
InitJS @ B4A0
ChkWtr @ B4D2
GetYPhy @ B4E4
PJumpSnd @ B511
SJumpSnd @ B51A
X_Physics @ B51C
ProcPRun @ B52D
ChkRFast @ B545
FastXSp @ B554
SetRTmr @ B559
GetXPhy @ B55E
GetXPhy2 @ B56C
ExitPhy @ B58B
PlayerAnimTmrData @ B58C
GetPlayerAnimSpeed @ B58F
ChkSkid @ B59E
SetRunSpd @ B5AD
ProcSkid @ B5B3
SetAnimSpd @ B5C5
ImposeFriction @ B5CC
JoypFrict @ B5DB
LeftFrict @ B5DE
RghtFrict @ B5FC
XSpdSign @ B617
SetAbsSpd @ B620
ProcFireball_Bubble @ B624
ProcFireballs @ B664
ProcAirBubbles @ B66E
BublLoop @ B675
BublExit @ B686
FireballXSpdData @ B687
FireballObjCore @ B689
RunFB @ B6BE
EraseFB @ B6EE
NoFBall @ B6F2
FireballExplosion @ B6F3
BubbleCheck @ B6F9
SetupBubble @ B70B
PosBubl @ B714
MoveBubl @ B732
Y_Bubl @ B748
ExitBubl @ B74A
Bubble_MForceData @ B74B
BubbleTimerData @ B74D
RunGameTimer @ B74F
ResGTCtrl @ B786
TimeUpOn @ B79A
ExGTimer @ B7A3
WarpZoneObject @ B7A4
ProcessWhirlpools @ B7B8
WhLoop @ B7C7
NextWh @ B7F1
ExitWh @ B7F4
WhirlpoolActivate @ B7F5
LeftWh @ B828
SetPWh @ B839
WhPull @ B83B
FlagpoleScoreMods @ B84B
FlagpoleScoreDigits @ B850
FlagpoleRoutine @ B855
SkipScore @ B896
GiveFPScr @ B899
FPGfx @ B8AC
ExitFlagP @ B8B5
Jumpspring_Y_PosData @ B8B6
JumpspringHandler @ B8BA
DownJSpr @ B8D5
PosJSpr @ B8D9
BounceJS @ B8F4
DrawJSpr @ B902
ExJSpring @ B91D
Setup_Vine @ B91E
NextVO @ B93D
VineHeightData @ B949
VineObjectHandler @ B94B
RunVSubs @ B96A
VDrawLoop @ B979
KillVine @ B98A
WrCMTile @ B999
ExitVH @ B9B7
CannonBitmasks @ B9BA
ProcessCannons @ B9BC
ThreeSChk @ B9C3
FireCannon @ B9E9
Chk_BB @ BA1A
Next3Slt @ BA2D
ExCannon @ BA30
BulletBillXSpdData @ BA31
BulletBillHandler @ BA33
SetupBB @ BA4D
ChkDSte @ BA6A
BBFly @ BA73
RunBBSubs @ BA76
KillBB @ BA85
HammerEnemyOfsData @ BA89
HammerXSpdData @ BA92
SpawnHammerObj @ BA94
SetMOfs @ BAA0
NoHammer @ BABF
ProcHammerObj @ BAC3
SetHSpd @ BAF3
SetHPos @ BB09
RunAllH @ BB28
RunHSubs @ BB2B
CoinBlock @ BB38
SetupJumpCoin @ BB51
JCoinC @ BB6C
FindEmptyMiscSlot @ BB84
FMiscLoop @ BB86
UseMiscS @ BB92
MiscObjectsCore @ BB96
MiscLoop @ BB98
ProcJumpCoin @ BBA7
JCoinRun @ BBC9
RunJCSubs @ BBE8
MiscLoopBack @ BBF4
CoinTallyOffsets @ BBF8
ScoreOffsets @ BBFA
StatusBarNybbles @ BBFC
GiveOneCoin @ BBFE
CoinPoints @ BC22
AddToScore @ BC27
GetSBNybbles @ BC30
UpdateNumber @ BC36
NoZSup @ BC46
SetupPowerUp @ BC49
PwrUpJmp @ BC60
StrType @ BC79
PutBehind @ BC7B
PowerUpObjHandler @ BC85
ShroomM @ BCAA
GrowThePowerUp @ BCB3
ChkPUSte @ BCD2
RunPUSubs @ BCD8
ExitPUp @ BCEA
BlockYPosAdderData @ BCEB
PlayerHeadCollision @ BCED
DBlockSte @ BCFA
ChkBrick @ BD1A
StartBTmr @ BD2C
ContBTmr @ BD39
PutOldMT @ BD40
PutMTileB @ BD41
SmallBP @ BD61
BigBP @ BD62
Unbreak @ BD78
InvOBit @ BD7B
InitBlock_XY_Pos @ BD84
BumpBlock @ BD9B
BlockCode @ BDBD
MushFlowerBlock @ BDD2
StarBlock @ BDD5
ExtraLifeMushBlock @ BDD8
VineBlock @ BDDF
ExitBlockChk @ BDE7
BrickQBlockMetatiles @ BDE8
BlockBumpedChk @ BDF6
BumpChkLoop @ BDF8
MatchBump @ BE01
BrickShatter @ BE02
CheckTopOfBlock @ BE1F
TopEx @ BE40
SpawnBrickChunks @ BE41
BlockObjectsCore @ BE70
ChkTop @ BEAA
BouncingBlockHandler @ BEB3
KillBlock @ BECF
UpdSte @ BED1
BlockObjMT_Updater @ BED4
UpdateLoop @ BED6
NextBUpd @ BEFE
MoveEnemyHorizontally @ BF02
MovePlayerHorizontally @ BF09
MoveObjectHorizontally @ BF0F
SaveXSpd @ BF23
UseAdder @ BF2C
ExXMove @ BF4C
MovePlayerVertically @ BF4D
NoJSChk @ BF59
MoveD_EnemyVertically @ BF63
MoveFallingPlatform @ BF6B
ContVMove @ BF6D
MoveRedPTroopaDown @ BF70
MoveRedPTroopaUp @ BF75
MoveRedPTroopa @ BF77
MoveDropPlatform @ BF88
MoveEnemySlowVert @ BF8C
SetMdMax @ BF8E
MoveJ_EnemyVertically @ BF92
SetHiMax @ BF94
SetXMoveAmt @ BF96
MaxSpdBlockData @ BF9F
ResidualGravityCode @ BFA1
ImposeGravityBlock @ BFA4
ImposeGravitySprObj @ BFAD
MovePlatformDown @ BFB4
MovePlatformUp @ BFB7
SetDplSpd @ BFC5
RedPTroopaGrav @ BFD1
ImposeGravity @ BFD7
AlterYP @ BFE9
ChkUpM @ C018
ExVMove @ C046
EnemiesAndLoopsCore @ C047
ChkAreaTsk @ C053
ChkBowserF @ C05F
ExitELCore @ C06A
LoopCmdWorldNumber @ C06B
LoopCmdPageNumber @ C076
LoopCmdYPosition @ C081
ExecGameLoopback @ C08C
ProcLoopCommand @ C0CC
FindLoop @ C0D8
IncMLoop @ C102
WrongChk @ C115
DoLpBack @ C11C
InitMLp @ C122
InitLCmd @ C12A
ChkEnemyFrenzy @ C12F
ProcessEnemyData @ C144
CheckEndofBuffer @ C150
CheckRightBounds @ C164
CheckPageCtrlRow @ C189
PositionEnemyObj @ C1AB
CheckRightExtBounds @ C1CB
CheckForEnemyGroup @ C1F1
BuzzyBeetleMutate @ C1FD
StrID @ C208
CheckFrenzyBuffer @ C216
StrFre @ C224
InitEnemyObject @ C226
ExEPar @ C22D
DoGroup @ C22E
ParseRow0e @ C231
NotUse @ C24D
CheckThreeBytes @ C250
Inc3B @ C25B
Inc2B @ C25E
CheckpointEnemyID @ C26C
InitEnemyRoutines @ C27F
NoInitCode @ C2F0
InitGoomba @ C2F1
InitPodoboo @ C2F7
InitRetainerObj @ C307
NormalXSpdData @ C30C
InitNormalEnemy @ C30E
GetESpd @ C316
SetESpd @ C319
InitRedKoopa @ C31E
HBroWalkingTimerData @ C326
InitHammerBro @ C328
InitHorizFlySwimEnemy @ C33D
InitBloober @ C342
SmallBBox @ C346
InitRedPTroopa @ C34A
GetCent @ C355
TallBBox @ C35A
SetBBox @ C35C
InitVStf @ C363
InitBulletBill @ C36B
InitCheepCheep @ C375
InitLakitu @ C385
SetupLakitu @ C38A
KillLakitu @ C395
PRDiffAdjustData @ C398
LakituAndSpinyHandler @ C3A4
ChkLak @ C3B4
ChkNoEn @ C3CA
CreateL @ C3D3
RetEOfs @ C3E3
ExLSHand @ C3E5
CreateSpiny @ C3E6
DifLoop @ C40F
UsePosv @ C433
SetSpSpd @ C434
SpinyRte @ C440
ChpChpEx @ C44E
FirebarSpinSpdData @ C44F
FirebarSpinDirData @ C454
InitLongFirebar @ C459
InitShortFirebar @ C45C
FlyCCXPositionData @ C488
FlyCCXSpeedData @ C498
FlyCCTimerData @ C4A4
InitFlyingCheepCheep @ C4A8
MaxCC @ C4C4
GSeed @ C4E4
RSeed @ C4F8
D2XPos1 @ C51C
D2XPos2 @ C530
FinCCSt @ C53C
InitBowser @ C549
DuplicateEnemyObj @ C575
FSLoop @ C577
FlmEx @ C59C
FlameYPosData @ C59D
FlameYMFAdderData @ C5A1
InitBowserFlame @ C5A3
SetFrT @ C5C9
PutAtRightExtent @ C5D8
SpawnFromMouth @ C5EC
SetMF @ C614
FinishFlame @ C61F
FireworksXPosData @ C631
FireworksYPosData @ C637
InitFireworks @ C63D
StarFChk @ C64C
ExitFWk @ C689
Bitmasks @ C68A
Enemy17YPosData @ C692
SwimCC_IDData @ C69A
BulletBillCheepCheep @ C69C
ChkW2 @ C6B4
Get17ID @ C6BC
Set17ID @ C6C3
GetRBit @ C6D1
ChkRBit @ C6D6
AddFBit @ C6E6
DoBulletBills @ C6FD
BB_SLoop @ C6FF
ExF17 @ C710
FireBulletBill @ C711
HandleGroupEnemies @ C71B
PullID @ C72F
SnglID @ C730
SetYGp @ C73A
CntGrp @ C74D
GrLoop @ C750
GSltLp @ C752
NextED @ C784
InitPiranhaPlant @ C787
InitEnemyFrenzy @ C7A0
NoFrenzyCode @ C7B7
EndFrenzy @ C7B8
LakituChk @ C7BA
NextFSlot @ C7C6
InitJumpGPTroopa @ C7D1
TallBBox2 @ C7D9
SetBBox2 @ C7DB
InitBalPlatform @ C7DF
AlignP @ C7ED
SetBPA @ C7F8
InitDropPlatform @ C803
InitHoriPlatform @ C80B
InitVertPlatform @ C812
SetYO @ C81F
CommonPlatCode @ C828
SPBBox @ C82B
CasPBB @ C83B
LargeLiftUp @ C83F
LargeLiftDown @ C845
LargeLiftBBox @ C848
PlatLiftUp @ C84B
PlatLiftDown @ C857
CommonSmallLift @ C860
PlatPosDataLow @ C86B
PlatPosDataHigh @ C86E
PosPlatform @ C871
EndOfEnemyInitCode @ C881
RunEnemyObjectsCore @ C882
JmpEO @ C88F
NoRunCode @ C8D6
RunRetainerObj @ C8D7
RunNormalEnemies @ C8E0
SkipMove @ C902
EnemyMovementSubs @ C905
NoMoveCode @ C934
RunBowserFlame @ C935
RunFirebarObj @ C947
RunSmallPlatform @ C94D
RunLargePlatform @ C965
SkipPT @ C979
LargePlatformSubroutines @ C982
EraseEnemyObject @ C998
MovePodoboo @ C9B0
PdbM @ C9CB
HammerThrowTmrData @ C9CE
XSpeedAdderData @ C9D0
RevivedXSpeed @ C9D4
ProcHammerBro @ C9D8
ChkJH @ C9E1
DecHT @ CA0A
HammerBroJumpLData @ CA10
HammerBroJumpCode @ CA12
SetHJ @ CA37
HJump @ CA4B
MoveHammerBroXDir @ CA58
Shimmy @ CA62
SetShim @ CA75
MoveNormalEnemy @ CA77
FallE @ CA98
MEHor @ CAAF
SlowM @ CAB2
SteadM @ CAB4
AddHS @ CABB
ReviveStunned @ CAC8
SetRSpd @ CADF
MoveDefeatedEnemy @ CAE5
ChkKillGoomba @ CAEB
NKGmba @ CAF8
MoveJumpingEnemy @ CAF9
ProcMoveRedPTroopa @ CAFF
NoIncPT @ CB18
MoveRedPTUpOrDown @ CB19
MovPTDwn @ CB22
MoveFlyGreenPTroopa @ CB25
YSway @ CB3B
NoMGPT @ CB44
XMoveCntr_GreenPTroopa @ CB45
XMoveCntr_Platform @ CB47
NoIncXM @ CB5C
IncPXM @ CB5D
DecSeXM @ CB60
MoveWithXMCntrs @ CB66
XMRight @ CB7C
BlooberBitmasks @ CB87
MoveBloober @ CB89
FBLeft @ CBA2
SBMDir @ CBAA
BlooberSwim @ CBAC
SwimX @ CBBB
LeftSwim @ CBCE
MoveDefeatedBloober @ CBDC
ProcSwimmingB @ CBDF
BSwimE @ CC03
SlowSwim @ CC04
NoSSw @ CC1B
ChkForFloatdown @ CC1C
Floatdown @ CC21
NoFD @ CC28
ChkNearPlayer @ CC29
MoveBulletBill @ CC36
NotDefB @ CC3F
SwimCCXMoveData @ CC46
MoveSwimmingCheepCheep @ CC4A
CCSwim @ CC53
CCSwimUpwards @ CC99
ChkSwimYPos @ CCAC
YPDiff @ CCBF
ExSwCC @ CCC6
FirebarPosLookupTbl @ CCC7
FirebarMirrorData @ CD2A
FirebarTblOffsets @ CD2E
FirebarYPos @ CD3A
ProcFirebar @ CD3C
SusFbar @ CD55
SkpFSte @ CD65
SetupGFB @ CD6A
SetMFbar @ CD96
DrawFbar @ CD9C
NextFbar @ CDB2
SkipFBar @ CDBA
DrawFirebar_Collision @ CDBB
AddHA @ CDCB
SubtR1 @ CDE2
ChkFOfs @ CDE6
VAHandl @ CDEE
AddVA @ CDFF
SetVFbr @ CE03
FirebarCollision @ CE08
AdjSm @ CE28
BigJp @ CE31
FBCLoop @ CE32
ChkVFBD @ CE3C
ChkFBCl @ CE58
Chk2Ofs @ CE5C
ChgSDir @ CE6F
SetSDir @ CE78
NoColFB @ CE85
GetFirebarPosition @ CE8E
GetHAdder @ CE9A
GetVAdder @ CEBA
PRandomSubtracter @ CED5
FlyCCBPriority @ CEDA
MoveFlyingCheepCheep @ CEDF
FlyCC @ CEED
AddCCF @ CF0C
BPGet @ CF1E
LakituDiffAdj @ CF25
MoveLakitu @ CF28
ChkLS @ CF31
Fr12S @ CF40
LdLDa @ CF47
SetLSpd @ CF53
SetLMov @ CF67
PlayerLakituDiff @ CF6C
ChkLakDif @ CF7D
SetLMovD @ CF9C
ChkPSpeed @ CF9F
ChkSpinyO @ CFC1
ChkEmySpd @ CFCB
SubDifAdj @ CFD1
SPixelLak @ CFD6
ExMoveLak @ CFDC
BridgeCollapseData @ CFDD
BridgeCollapse @ CFEC
SetM2 @ D005
MoveD_Bowser @ D00F
RemoveBridge @ D015
NoBFall @ D05E
PRandomRange @ D061
RunBowser @ D065
KillAllEnemies @ D071
KillLoop @ D073
BowserControl @ D07F
ChkMouth @ D08C
FeetTmr @ D094
ResetMDr @ D0A6
B_FaceP @ D0B0
GetPRCmp @ D0D1
GetDToO @ D0EA
CompDToO @ D107
HammerChk @ D10F
SetHmrTmr @ D127
SkipToFB @ D139
MakeBJump @ D13C
ChkFireB @ D149
SpawnFBr @ D154
SetFBTmr @ D173
BowserGfxHandler @ D17B
CopyFToR @ D187
ExBGfxH @ D1BB
ProcessBowserHalf @ D1BC
FlameTimerData @ D1D1
SetFlameTimer @ D1D9
ExFl @ D1EA
ProcBowserFlame @ D1EB
SFlmX @ D1F9
SetGfxF @ D220
FlmeAt @ D235
DrawFlameLoop @ D23C
M3FOfs @ D277
M2FOfs @ D281
M1FOfs @ D28B
ExFlmeD @ D294
RunFireworks @ D295
SetupExpl @ D2A5
FireworksSoundScore @ D2BD
StarFlagYPosAdder @ D2CD
StarFlagXPosAdder @ D2D1
StarFlagTileData @ D2D5
RunStarFlagObj @ D2D9
GameTimerFireworks @ D2F2
SetFWC @ D309
IncrementSFTask1 @ D30E
StarFlagExit @ D311
AwardGameTimerPoints @ D312
NoTTick @ D327
EndAreaPoints @ D336
ELPGive @ D33F
RaiseFlagSetoffFWorks @ D34E
SetoffF @ D359
DrawStarFlag @ D365
DSFLoop @ D36D
DrawFlagSetTimer @ D396
IncrementSFTask2 @ D39E
DelayToAreaEnd @ D3A2
StarFlagExit2 @ D3AF
MovePiranhaPlant @ D3B0
ChkPlayerNearPipe @ D3CF
ReversePlantSpeed @ D3D5
SetupToMovePPlant @ D3E0
RiseFallPiranhaPlant @ D3EA
PutinPipe @ D40A
FirebarSpin @ D410
SpinCounterClockwise @ D424
BalancePlatform @ D432
DoBPl @ D43B
CheckBalPlatform @ D440
ChkForFall @ D44D
MakePlatformFall @ D45F
ChkOtherForFall @ D462
ChkToMoveBalPlat @ D474
ColFlg @ D494
PlatUp @ D498
PlatSt @ D49E
PlatDn @ D4A4
DoOtherPlatform @ D4A7
DrawEraseRope @ D4BD
EraseR1 @ D4F7
OtherRope @ D4FF
EraseR2 @ D528
EndRp @ D530
ExitRp @ D53E
SetupPlatformRope @ D541
GetLRp @ D550
GetHRp @ D56A
ExPRp @ D597
InitPlatformFall @ D598
StopPlatforms @ D5B1
PlatformFall @ D5BB
ExPF @ D5D0
YMovingPlatform @ D5D3
SkipIY @ D5EC
ChkYCenterPos @ D5EF
YMDown @ D5FB
ChkYPCollision @ D5FE
ExYPl @ D606
XMovingPlatform @ D607
PositionPlayerOnHPlat @ D614
PPHSubt @ D626
SetPVar @ D628
ExXMP @ D630
DropPlatform @ D631
ExDPl @ D63C
RightPlatform @ D63D
ExRPl @ D64E
MoveLargeLiftPlat @ D64F
MoveSmallPlatform @ D655
MoveLiftPlatforms @ D65B
ChkSmallPlatCollision @ D671
ExLiftP @ D679
OffscreenBoundsCheck @ D67A
LimitB @ D68D
ExtendLB @ D68F
TooFar @ D6D2
ExScrnBd @ D6D5
FireballEnemyCollision @ D6D9
FireballEnemyCDLoop @ D6EE
GoombaDie @ D706
NotGoomba @ D710
NoFToECol @ D72C
ExitFBallEnemy @ D733
BowserIdentities @ D736
HandleEnemyFBallCol @ D73E
ChkBuzzyBeetle @ D752
HurtBowser @ D75C
SetDBSte @ D77D
ChkOtherEnemies @ D789
ShellOrBlockDefeat @ D795
StnE @ D7A1
GoombaPoints @ D7B6
EnemySmackScore @ D7BC
ExHCF @ D7C3
PlayerHammerCollision @ D7C4
ClHCol @ D7FA
ExPHC @ D7FF
HandlePowerUpCollision @ D800
Shroom_Flower_PUp @ D820
SetFor1Up @ D83A
UpToSuper @ D840
UpToFiery @ D847
NoPUp @ D84C
ResidualXSpdData @ D84D
KickedShellXSpdData @ D84F
DemotedKoopaXSpdData @ D851
PlayerEnemyCollision @ D853
NoPECol @ D880
CheckForPUpCollision @ D881
EColl @ D88A
KickedShellPtsData @ D892
HandlePECollisions @ D895
KSPts @ D8F5
ExPEC @ D8F8
ChkForPlayerInjury @ D8F9
ChkInj @ D8FF
ChkETmrs @ D90E
TInjE @ D923
InjurePlayer @ D92C
ForceInjury @ D931
SetKRout @ D946
SetPRout @ D948
ExInjColRoutines @ D955
KillPlayer @ D958
StompedEnemyPtsData @ D965
EnemyStomped @ D969
EnemyStompedPts @ D996
ChkForDemoteKoopa @ D9B3
RevivalRateData @ D9D2
HandleStompedShellE @ D9D4
SBnce @ D9F1
ChkEnemyFaceRight @ D9F6
LInj @ D9FF
EnemyFacePlayer @ DA05
SFcRt @ DA0D
SetupFloateyNumber @ DA11
ExSFN @ DA24
SetBitsMask @ DA25
ClearBitsMask @ DA2C
EnemiesCollision @ DA33
ECLoop @ DA56
YesEC @ DA9B
NoEnemyCollision @ DAA1
ReadyNextEnemy @ DAAA
ExitECRoutine @ DAB1
ProcEnemyCollisions @ DAB4
ShellCollisions @ DAD9
ExitProcessEColl @ DAF0
ProcSecondEnemyColl @ DAF1
MoveEOfs @ DB15
EnemyTurnAround @ DB1C
RXSpd @ DB36
ExTA @ DB44
LargePlatformCollision @ DB45
ChkForPlayerC_LargeP @ DB5F
ExLPC @ DB78
SmallPlatformCollision @ DB7B
ChkSmallPlatLoop @ DB8C
MoveBoundBox @ DBA1
ExSPC @ DBB7
ProcSPlatCollisions @ DBBA
ProcLPlatCollisions @ DBBC
ChkForTopCollision @ DBCF
SetCollisionFlag @ DBEB
PlatformSideCollisions @ DBF5
SideC @ DC11
NoSideC @ DC14
PlayerPosSPlatData @ DC17
PositionPlayerOnS_Plat @ DC19
PositionPlayerOnVPlat @ DC21
ExPlPos @ DC40
CheckPlayerVertical @ DC41
ExCPV @ DC51
GetEnemyBoundBoxOfs @ DC52
GetEnemyBoundBoxOfsArg @ DC54
PlayerBGUpperExtent @ DC62
PlayerBGCollision @ DC64
SetFallS @ DC82
SetPSte @ DC84
ChkOnScr @ DC86
ExPBGCol @ DC97
ChkCollSize @ DC98
GBBAdr @ DCAB
HeadChk @ DCBA
SolidOrClimb @ DCEA
NYSpd @ DCF2
DoFootCheck @ DCF6
AwardTouchedCoin @ DD1A
ChkFootMTile @ DD1D
ContChk @ DD2D
LandPlyr @ DD44
InitSteP @ DD5A
DoPlayerSideCheck @ DD5E
SideCheckLoop @ DD66
BHalf @ DD85
ExSCH @ DD9B
CheckSideMTiles @ DD9C
ContSChk @ DDA9
ChkPBtm @ DDBB
PipeDwnS @ DDCE
PlyrPipe @ DDD7
SetCATmr @ DDEA
ChkGERtn @ DDF0
StopPlayerMove @ DDFF
ExCSM @ DE02
AreaChangeTimerData @ DE03
HandleCoinMetatile @ DE05
HandleAxeMetatile @ DE0E
ErACM @ DE1C
ClimbXPosAdder @ DE25
ClimbPLocAdder @ DE27
FlagpoleYPosData @ DE29
HandleClimbing @ DE2E
ExHC @ DE38
ChkForFlagpole @ DE39
FlagpoleCollision @ DE41
ChkFlagpoleYPosLoop @ DE68
MtchF @ DE70
RunFR @ DE73
VineCollision @ DE7A
PutPlayerOnVine @ DE88
SetVXPl @ DEA1
ExPVne @ DEBC
ChkInvisibleMTiles @ DEBD
ExCInvT @ DEC3
ChkForLandJumpSpring @ DEC4
ExCJSp @ DEDC
ChkJumpspringMetatiles @ DEDD
JSFnd @ DEE6
NoJSFnd @ DEE7
HandlePipeEntry @ DEE8
GetWNum @ DF22
ExPipeE @ DF4A
ImpedePlayerMove @ DF4B
RImpd @ DF5E
NXSpd @ DF66
PlatF @ DF74
ExIPM @ DF81
SolidMTileUpperExt @ DF8B
CheckForSolidMTiles @ DF8F
ClimbMTileUpperExt @ DF96
CheckForClimbMTiles @ DF9A
CheckForCoinMTiles @ DFA1
CoinSd @ DFAB
GetMTileAttrib @ DFB0
ExEBG @ DFB8
EnemyBGCStateData @ DFB9
EnemyBGCXSpdData @ DFBF
EnemyToBGCollisionDet @ DFC1
DoIDCheckBGColl @ DFD8
HBChk @ DFDF
CInvu @ DFE6
YesIn @ DFF2
NoEToBGCollision @ DFF7
HandleEToBGCollision @ DFFA
GiveOEPoints @ E016
ChkToStunEnemies @ E01B
Demote @ E02B
SetStun @ E02F
SetWYSpd @ E048
SetNotW @ E04A
ChkBBill @ E054
NoCDirF @ E060
ExEBGChk @ E066
LandEnemyProperly @ E067
SChkA @ E07B
ChkLandedEnemyState @ E07E
SetForStn @ E09A
ExSteChk @ E0A4
ProcEnemyDirection @ E0A5
InvtD @ E0BD
CNwCDir @ E0C5
LandEnemyInitState @ E0CD
NMovShellFallBit @ E0DB
ChkForRedKoopa @ E0E2
Chk2MSBSt @ E0EC
GetSteFromD @ E0F9
SetD6Ste @ E0FC
DoEnemySideCheck @ E0FE
SdeCLoop @ E10A
NextSdeC @ E11C
ExESdeC @ E123
ChkForBump_HammerBroJ @ E124
NoBump @ E131
InvEnemyDir @ E140
PlayerEnemyDiff @ E143
EnemyLanding @ E14F
SubtEnemyYPos @ E15B
EnemyJump @ E163
DoSide @ E182
HammerBroBGColl @ E185
KillEnemyAboveBlock @ E18E
UnderHammerBro @ E196
NoUnderHammerBro @ E1A7
ChkUnderEnemy @ E1AE
ChkForNonSolids @ E1B5
NSFnd @ E1C7
FireballBGCollision @ E1C8
ClearBounceFlag @ E1EF
InitFireballExplode @ E1F4
BoundBoxCtrlData @ E1FD
GetFireballBoundBox @ E22D
GetMiscBoundBox @ E236
FBallB @ E23D
GetEnemyBoundBox @ E243
SmallPlatformBoundBox @ E24C
GetMaskedOffScrBits @ E252
CMBits @ E267
LargePlatformBoundBox @ E273
SetupEOffsetFBBox @ E27C
MoveBoundBoxOffscreen @ E289
BoundingBoxCore @ E29C
CheckRightScreenBBox @ E2DE
SORte @ E306
NoOfs @ E309
CheckLeftScreenBBox @ E30C
SOLft @ E31F
NoOfs2 @ E322
PlayerCollisionCore @ E325
SprObjectCollisionCore @ E327
CollisionCoreLoop @ E32D
SecondBoxVerticalChk @ E34C
FirstBoxGreater @ E35F
NoCollisionFound @ E37A
CollisionFound @ E37E
BlockBufferChk_Enemy @ E388
ResidualMiscObjectCode @ E392
BlockBufferChk_FBall @ E39C
ResJmpM @ E3A3
BBChk_E @ E3A5
BlockBufferAdderData @ E3AD
BlockBuffer_X_Adder @ E3B0
BlockBuffer_Y_Adder @ E3CC
BlockBufferColli_Feet @ E3E8
BlockBufferColli_Head @ E3E9
BlockBufferColli_Side @ E3EC
BlockBufferCollision @ E3F0
RetXC @ E429
RetYC @ E42B
VineYPosAdder @ E433
DrawVine @ E435
VineTL @ E479
SkpVTop @ E490
ChkFTop @ E492
NextVSp @ E4A2
SixSpriteStacker @ E4AE
StkLp @ E4B0
FirstSprXPos @ E4C0
FirstSprYPos @ E4C4
SecondSprXPos @ E4C8
SecondSprYPos @ E4CC
FirstSprTilenum @ E4D0
SecondSprTilenum @ E4D4
HammerSprAttrib @ E4D8
DrawHammer @ E4DC
ForceHPose @ E4EC
GetHPose @ E4F0
RenderH @ E4F7
NoHOffscr @ E540
FlagpoleScoreNumTiles @ E541
FlagpoleGfxHandler @ E54B
ChkFlagOffscreen @ E5A7
MoveSixSpritesOffscreen @ E5B3
DumpSixSpr @ E5B5
DumpFourSpr @ E5BB
DumpThreeSpr @ E5BE
DumpTwoSpr @ E5C1
ExitDumpSpr @ E5C7
DrawLargePlatform @ E5C8
ShrinkPlatform @ E5E9
SetLast2Platform @ E5EB
SetPlatformTilenum @ E5FD
SChk2 @ E61A
SChk3 @ E624
SChk4 @ E62E
SChk5 @ E638
SChk6 @ E642
SLChk @ E64B
ExDLPl @ E654
DrawFloateyNumber_Coin @ E655
NotRsNum @ E65C
JumpingCoinTiles @ E682
JCoinGfxHandler @ E686
ExJCGfx @ E6BD
PowerUpGfxTable @ E6BE
PowerUpAttributes @ E6CE
DrawPowerUp @ E6D2
PUpDrawLoop @ E6F7
FlipPUpRightSide @ E72B
PUpOfs @ E73B
EnemyGraphicsTable @ E73E
EnemyGfxTableOffsets @ E840
EnemyAttributeData @ E85B
EnemyAnimTimingBMask @ E876
JumpspringFrameOffsets @ E878
EnemyGfxHandler @ E87D
CheckForRetainerObj @ E8A9
CheckForBulletBillCV @ E8BE
SBBAt @ E8CD
CheckForJumpspring @ E8D5
CheckForPodoboo @ E8E1
CheckBowserGfxFlag @ E8F2
SBwsrGfxOfs @ E8FE
CheckForGoomba @ E900
GmbaAnim @ E910
CheckBowserFront @ E923
ChkFrontSte @ E940
FlipBowserOver @ E946
DrawBowser @ E949
CheckBowserRear @ E94C
ChkRearSte @ E955
CheckForSpiny @ E965
NotEgg @ E977
CheckForLakitu @ E97A
NoLAFr @ E98D
CheckUpsideDownShell @ E990
CheckRightSideUpShell @ E9A6
CheckForDefdGoomba @ E9BA
CheckForHammerBro @ E9CA
CheckForBloober @ E9DE
CheckToAnimateEnemy @ E9FA
CheckForSecondFrame @ EA22
CheckAnimationStop @ EA29
CheckDefeatedState @ EA37
DrawEnemyObject @ EA4B
SkipToOffScrChk @ EA61
CheckForVerticalFlip @ EA64
FlipEnemyVertically @ EA8A
CheckForESymmetry @ EAA6
ContES @ EAB6
ESRtnr @ EACA
SpnySC @ EAD3
MirrorEnemyGfx @ EAD7
EggExc @ EAF2
CheckToMirrorLakitu @ EB12
NVFLak @ EB3E
CheckToMirrorJSpring @ EB4E
SprObjectOffscrChk @ EB64
LcChk @ EB74
Row3C @ EB7E
Row23C @ EB89
AllRowC @ EB93
ExEGHandler @ EBA9
DrawEnemyObjRow @ EBAA
DrawOneSpriteRow @ EBB2
MoveESprRowOffscreen @ EBB7
MoveESprColOffscreen @ EBC1
DefaultBlockObjTiles @ EBCD
DrawBlock @ EBD1
DBlkLoop @ EBE7
ChkRep @ EC0A
SetBFlip @ EC21
BlkOffscr @ EC35
PullOfsB @ EC45
ChkLeftCo @ EC46
MoveColOffscreen @ EC4A
ExDBlk @ EC52
DrawBrickChunks @ EC53
DChunks @ EC65
ChnkOfs @ ECC9
ExBCDr @ ECDD
DrawFireball @ ECDE
DrawFirebar @ ECED
FireA @ ED02
ExplosionTiles @ ED06
DrawExplosion_Fireball @ ED09
DrawExplosion_Fireworks @ ED17
KillFireBall @ ED61
DrawSmallPlatform @ ED66
TopSP @ ED9C
BotSP @ EDAA
SOfs @ EDC3
SOfs2 @ EDD1
ExSPl @ EDDE
DrawBubble @ EDE1
ExDBub @ EE06
PlayerGfxTblOffsets @ EE07
PlayerGraphicsTable @ EE17
SwimKickTileNum @ EEE7
PlayerGfxHandler @ EEE9
CntPl @ EEF3
SwimKT @ EF1F
BigKTS @ EF2D
ExPGH @ EF33
FindPlayerAction @ EF34
DoChangeSize @ EF3A
PlayerKilled @ EF40
PlayerGfxProcessing @ EF45
SUpdR @ EF76
PlayerOffscreenChk @ EF7A
PROfsLoop @ EF8C
NPROffscr @ EF95
IntermediatePlayerData @ EF9E
DrawPlayer_Intermediate @ EFA4
PIntLoop @ EFA6
RenderPlayerSub @ EFBE
DrawPlayerLoop @ EFDC
ProcessPlayerAction @ EFEC
ProcOnGroundActs @ F00B
NonAnimatedActs @ F028
ActionFalling @ F034
ActionWalkRun @ F03C
ActionClimbing @ F044
ActionSwimming @ F050
GetCurrentAnimOffset @ F062
FourFrameExtent @ F068
ThreeFrameExtent @ F06D
AnimationControl @ F06F
SetAnimC @ F08C
ExAnimC @ F08F
GetGfxOffsetAdder @ F091
SzOfs @ F09B
ChangeSizeOffsetAdder @ F09C
HandleChangeSize @ F0B0
CSzNext @ F0C3
GorSLog @ F0C6
GetOffsetFromAnimCtrl @ F0D0
ShrinkPlayer @ F0D7
ShrPlF @ F0E5
ChkForPlayerAttrib @ F0E9
KilledAtt @ F105
C_S_IGAtt @ F117
ExPlyrAt @ F129
RelativePlayerPosition @ F12A
RelativeBubblePosition @ F131
RelativeFireballPosition @ F13B
RelWOfs @ F142
RelativeMiscPosition @ F148
RelativeEnemyPosition @ F152
RelativeBlockPosition @ F159
VariableObjOfsRelPos @ F165
GetObjRelativePosition @ F171
GetPlayerOffscreenBits @ F180
GetFireballOffscreenBits @ F187
GetBubbleOffscreenBits @ F191
GetMiscOffscreenBits @ F19B
ObjOffsetData @ F1A5
GetProperObjOffset @ F1A8
GetEnemyOffscreenBits @ F1AF
GetBlockOffscreenBits @ F1B6
SetOffscrBitsOffset @ F1BA
GetOffScreenBitsSet @ F1C0
RunOffscrBitsSubs @ F1D7
XOffscreenBitsData @ F1E3
DefaultXOnscreenOfs @ F1F3
GetXOffscreenBits @ F1F6
XOfsLoop @ F1FA
XLdBData @ F21E
ExXOfsBS @ F22A
YOffscreenBitsData @ F22B
DefaultYOnscreenOfs @ F234
HighPosUnitData @ F237
GetYOffscreenBits @ F239
YOfsLoop @ F23D
YLdBData @ F260
ExYOfsBS @ F26C
DividePDiff @ F26D
SetOscrO @ F280
ExDivPD @ F281
DrawSpriteObject @ F282
NoHFlip @ F296
SetHFAt @ F2A0
SoundEngine @ F2D0
SndOn @ F2D9
InPause @ F2EE
PTone1F @ F312
ContPau @ F316
PTone2F @ F325
PTRegC @ F327
DecPauC @ F32E
SkipPIn @ F344
RunSoundSubroutines @ F34B
SkipSoundSubroutines @ F35D
NoIncDAC @ F377
StrWave @ F37D
Dump_Squ1_Regs @ F381
PlaySqu1Sfx @ F388
SetFreq_Squ1 @ F38B
Dump_Freq_Regs @ F38D
NoTone @ F39E
Dump_Sq2_Regs @ F39F
PlaySqu2Sfx @ F3A6
SetFreq_Squ2 @ F3A9
SetFreq_Tri @ F3AD
SwimStompEnvelopeData @ F3B1
PlayFlagpoleSlide @ F3BF
PlaySmallJump @ F3CD
PlayBigJump @ F3D1
JumpRegContents @ F3D3
ContinueSndJump @ F3DF
N2Prt @ F3EC
FPS2nd @ F3F2
DmpJpFPS @ F3F4
PlayFireballThrow @ F3F9
PlayBump @ F3FF
Fthrow @ F403
ContinueBumpThrow @ F40D
DecJpFPS @ F419
Square1SfxHandler @ F41B
CheckSfx1Buffer @ F43F
ExS1H @ F45A
PlaySwimStomp @ F45B
ContinueSwimStomp @ F469
BranchToDecLength1 @ F47B
PlaySmackEnemy @ F47D
ContinueSmackEnemy @ F48D
SmSpc @ F49D
SmTick @ F49F
DecrementSfx1Length @ F4A2
StopSquare1Sfx @ F4A7
ExSfx1 @ F4B5
PlayPipeDownInj @ F4B6
ContinuePipeDownInj @ F4BB
NoPDwnL @ F4D1
ExtraLifeFreqData @ F4D4
PowerUpGrabFreqData @ F4DA
PUp_VGrow_FreqData @ F4F8
PlayCoinGrab @ F518
PlayTimerTick @ F51E
CGrab_TTickRegL @ F522
ContinueCGrabTTick @ F52C
N2Tone @ F538
PlayBlast @ F53A
ContinueBlast @ F545
SBlasJ @ F550
PlayPowerUpGrab @ F552
ContinuePowerUpGrab @ F557
LoadSqu2Regs @ F565
DecrementSfx2Length @ F568
EmptySfx2Buffer @ F56D
StopSquare2Sfx @ F571
ExSfx2 @ F57B
Square2SfxHandler @ F57C
CheckSfx2Buffer @ F5A6
ExS2H @ F5C1
Cont_CGrab_TTick @ F5C2
JumpToDecLength2 @ F5C5
PlayBowserFall @ F5C8
BlstSJp @ F5D1
ContinueBowserFall @ F5D3
PBFRegs @ F5DE
EL_LRegs @ F5E0
PlayExtraLife @ F5E2
ContinueExtraLife @ F5E7
DivLLoop @ F5EC
PlayGrowPowerUp @ F5FC
PlayGrowVine @ F600
GrowItemRegs @ F602
ContinueGrowItems @ F60F
StopGrowItems @ F628
BrickShatterFreqData @ F62B
PlayBrickShatter @ F63B
ContinueBrickShatter @ F640
PlayNoiseSfx @ F64D
DecrementSfx3Length @ F658
ExSfx3 @ F666
NoiseSfxHandler @ F667
CheckNoiseBuffer @ F675
ExNH @ F67F
PlayBowserFlame @ F680
ContinueBowserFlame @ F685
ContinueMusic @ F691
MusicHandler @ F694
LoadEventMusic @ F6A4
NoStopSfx @ F6B1
LoadAreaMusic @ F6C8
NoStop1 @ F6CF
GMLoopB @ F6D1
HandleAreaMusicLoopB @ F6D4
FindAreaMusicHeader @ F6ED
FindEventMusicHeader @ F6F1
LoadHeader @ F6F5
HandleSquare2Music @ F73A
EndOfMusicData @ F74B
NotTRO @ F757
MusicLoopBack @ F774
VictoryMLoopBack @ F777
Squ2LengthHandler @ F77A
Squ2NoteHandler @ F786
Rest @ F792
SkipFqL1 @ F798
MiscSqu2MusicTasks @ F79E
NoDecEnv1 @ F7B1
HandleSquare1Music @ F7BC
FetchSqu1MusicData @ F7C5
Squ1NoteHandler @ F7DC
SkipCtrlL @ F7F1
MiscSqu1MusicTasks @ F7F7
NoDecEnv2 @ F80A
DeathMAltReg @ F810
DoAltLoad @ F817
HandleTriangleMusic @ F81A
TriNoteHandler @ F83E
NotDOrD4 @ F854
MediN @ F864
LongN @ F868
LoadTriCtrlReg @ F86A
HandleNoiseMusic @ F86D
FetchNoiseBeatData @ F878
NoiseBeatHandler @ F88A
StrongBeat @ F8A9
LongBeat @ F8B1
SilentBeat @ F8B9
PlayBeat @ F8BB
ExitMusicHandler @ F8C4
AlternateLengthHandler @ F8C5
ProcessLengthData @ F8CB
LoadControlRegs @ F8D8
NotECstlM @ F8E3
WaterMus @ F8ED
AllMus @ F8EF
LoadEnvelopeData @ F8F4
LoadUsualEnvData @ F8FF
LoadWaterEventMusEnvData @ F909
MusicHeaderData @ F90D
TimeRunningOutHdr @ F93E
Star_CloudHdr @ F943
EndOfLevelMusHdr @ F949
ResidualHeaderData @ F94E
UndergroundMusHdr @ F953
SilenceHdr @ F958
CastleMusHdr @ F95C
VictoryMusHdr @ F961
GameOverMusHdr @ F966
WaterMusHdr @ F96B
WinCastleMusHdr @ F971
GroundLevelPart1Hdr @ F976
GroundLevelPart2AHdr @ F97C
GroundLevelPart2BHdr @ F982
GroundLevelPart2CHdr @ F988
GroundLevelPart3AHdr @ F98E
GroundLevelPart3BHdr @ F994
GroundLevelLeadInHdr @ F99A
GroundLevelPart4AHdr @ F9A0
GroundLevelPart4BHdr @ F9A6
GroundLevelPart4CHdr @ F9AC
DeathMusHdr @ F9B2
Star_CloudMData @ F9B8
GroundM_P1Data @ FA01
SilenceData @ FA1C
GroundM_P2AData @ FA49
GroundM_P2BData @ FA75
GroundM_P2CData @ FA9D
GroundM_P3AData @ FAC2
GroundM_P3BData @ FADB
GroundMLdInData @ FAF9
GroundM_P4AData @ FB25
GroundM_P4BData @ FB4B
DeathMusData @ FB72
GroundM_P4CData @ FB74
CastleMusData @ FBA4
GameOverMusData @ FC45
TimeRunOutMusData @ FC72
WinLevelMusData @ FCB0
UndergroundMusData @ FD11
WaterMusData @ FD52
EndOfCastleMusData @ FE51
VictoryMusData @ FEC8
FreqRegLookupTbl @ FF00
MusicLengthLookupTbl @ FF66
EndOfCastleMusicEnvData @ FF96
AreaMusicEnvData @ FF9A
WaterEventMusEnvData @ FFA2
BowserFlameEnvData @ FFCA
BrickShatterEnvData @ FFEA
